
Hexadecimal

Area                               Addr   Size   Decimal Bytes (Attributes)
--------------------------------   ----   ----   ------- ----- ------------
CABS                               0000   0000 =      0. bytes (ABS,CON,CODE)

      Value  Global
   --------  --------------------------------
  0C:FFFFFF00    s_BSEG
  0C:0000    l_BIT_BANK
  0C:0000    l_BSEG
  0C:0000    l_BSEG_BYTES
  0C:0000    l_CABS
  0C:0000    l_GSINIT1
  0C:0000    l_GSINIT5
  0C:0000    l_IABS
  0C:0000    l_ISEG
  0C:0000    l_PSEG
  0C:0000    l_REG_BANK_1
  0C:0000    l_REG_BANK_2
  0C:0000    l_REG_BANK_3
  0C:0000    l_RSEG
  0C:0000    l_XABS
  0C:0000    l_XINIT
  0C:0000    l_XISEG
  0C:0000    l__CODE
  0C:0000    s_BSEG_BYTES
  0C:0000    s_CABS
  0C:0000    s_DSEG
  0C:0000    s_IABS
  0C:0000    s_ISEG
  0C:0000    s_PSEG
  0C:0000    s_REG_BANK_0
  0C:0000    s_XABS
  0C:0000    s_XSEG
  0C:0003    l_GSFINAL
  0C:0003    l_GSINIT0
  0C:0005    l_GSINIT
  0C:0008    l_HOME
  0C:0008    l_REG_BANK_0
  0C:0008    s_REG_BANK_1
  0C:000A    l_GSINIT2
  0C:0010    s_REG_BANK_2
  0C:0013    l_OSEG
  0C:0018    s_BIT_BANK
  0C:0018    s_REG_BANK_3
  0C:001E    l_CONST
  0C:0020    s__CODE
  0C:0022    l_GSINIT3
  0C:002A    l_GSINIT4
  0C:0039    s_OSEG
  0C:004C    s_RSEG
  0C:004C    s_SSEG
  0C:0080    l_DSEG
  0C:00B4    l_SSEG
  0C:0100    l_IRAM
  0C:0400    l_XSEG
  0C:0400    s_XISEG
  0C:0B0C    l_CSEG
  0C:4000    s_HOME
  0C:4008    s_GSINIT0
  0C:400B    s_GSINIT1
  0C:400B    s_GSINIT2
  0C:4015    s_GSINIT3
  0C:4037    s_GSINIT4
  0C:4061    s_GSINIT
  0C:4061    s_GSINIT5
  0C:4066    s_GSFINAL
  0C:4069    s_CSEG
  0C:4B75    s_CONST
  0C:4B93    s_XINIT



Hexadecimal

Area                               Addr   Size   Decimal Bytes (Attributes)
--------------------------------   ----   ----   ------- ----- ------------
.  .ABS.                           0000   0000 =      0. bytes (ABS,CON)

      Value  Global
   --------  --------------------------------
     0080    _P0
     0080    _P0_0
     0081    _P0_1
     0081    _SP
     0082    _DPL
     0082    _P0_2
     0083    _DPH
     0083    _P0_3
     0084    _P0_4
     0085    _P0_5
     0086    _P0_6
     0087    _P0_7
     0087    _PCON
     0088    _IT0
     0088    _TCON
     0089    _IE0
     0089    _TMOD
     008A    _IT1
     008A    _TL0
     008B    _IE1
     008B    _TL1
     008C    _TH0
     008C    _TR0
     008D    _TF0
     008D    _TH1
     008E    _TR1
     008F    _TF1
     0090    _P1
     0090    _P1_0
     0091    _P1_1
     0092    _P1_2
     0093    _P1_3
     0094    _P1_4
     0095    _P1_5
     0096    _P1_6
     0097    _P1_7
     0098    _RI
     0098    _SCON
     0099    _SBUF
     0099    _TI
     009A    _RB8
     009B    _TB8
     009C    _REN
     009D    _SM2
     009E    _SM1
     009F    _SM0
     00A0    _P2
     00A0    _P2_0
     00A0    __XPAGE
     00A1    _P2_1
     00A2    _P2_2
     00A3    _P2_3
     00A4    _P2_4
     00A5    _P2_5
     00A6    _P2_6
     00A7    _P2_7
     00A8    _EX0
     00A8    _IE
     00A9    _ET0
     00AA    _EX1
     00AB    _ET1
     00AC    _ES
     00AF    _EA
     00B0    _P3
     00B0    _P3_0
     00B0    _RXD
     00B1    _P3_1
     00B1    _TXD
     00B2    _INT0
     00B2    _P3_2
     00B3    _INT1
     00B3    _P3_3
     00B4    _P3_4
     00B4    _T0
     00B5    _P3_5
     00B5    _T1
     00B6    _P3_6
     00B6    _WR
     00B7    _P3_7
     00B7    _RD
     00B8    _IP
     00B8    _PX0
     00B9    _PT0
     00BA    _PX1
     00BB    _PT1
     00BC    _PS
     00D0    _P
     00D0    _PSW
     00D1    _F1
     00D2    _OV
     00D3    _RS0
     00D4    _RS1
     00D5    _F0
     00D6    _AC
     00D7    _CY
     00E0    _ACC
     00F0    _B
     00F5    _B_5
     00F6    _B_6
     00F7    _B_7









Hexadecimal

Area                               Addr   Size   Decimal Bytes (Attributes)
--------------------------------   ----   ----   ------- ----- ------------
DSEG                               0000   0080 =    128. bytes (REL,CON)

      Value  Global
   --------  --------------------------------
     0008    _i
     0015    _KR_PARM_2
     0017    _KR_PARM_3
     001A    _KR_PARM_4
     002C    _realloc_PARM_2
     0033    __sdcc_prev_memheader
     0035    __sdcc_first_memheader

Hexadecimal

Area                               Addr   Size   Decimal Bytes (Attributes)
--------------------------------   ----   ----   ------- ----- ------------
OSEG                               0039   0013 =     19. bytes (REL,OVR)

      Value  Global
   --------  --------------------------------
     0039    __divsint_PARM_2
     0039    __divuint_PARM_2
     0039    __gptrput_PARM_2
     0039    __modsint_PARM_2
     0039    __moduint_PARM_2
     0039    __mulint_PARM_2
     0039    _memcmp_PARM_2
     0039    _memcpy_PARM_2
     0039    _memmove_PARM_2
     003C    _memcmp_PARM_3
     003C    _memcpy_PARM_3
     003C    _memmove_PARM_3
     003E    _memcmp_buf1_1_1
     003E    _memcpy_ret_1_1
     003E    _memmove_ret_1_1
     0041    _memcpy_s_1_1
     0041    _memmove_d_1_1
     0044    _memmove_s_1_1
     0047    _memmove_sloc0_1_0
     0049    _memmove_sloc1_1_0


Hexadecimal

Area                               Addr   Size   Decimal Bytes (Attributes)
--------------------------------   ----   ----   ------- ----- ------------
SSEG                               004C   00B4 =    180. bytes (REL,OVR)

      Value  Global
   --------  --------------------------------
     004C    __start__stack



Hexadecimal

Area                               Addr   Size   Decimal Bytes (Attributes)
--------------------------------   ----   ----   ------- ----- ------------
XSEG                               0000   0400 =   1024. bytes (REL,CON,XDATA)

      Value  Global
   --------  --------------------------------
  0D:0000    __sdcc_heap


Hexadecimal

Area                               Addr   Size   Decimal Bytes (Attributes)
--------------------------------   ----   ----   ------- ----- ------------
HOME                               4000   0008 =      8. bytes (REL,CON,CODE)

      Value  Global
   --------  --------------------------------
  0C:4003    __sdcc_program_startup

Hexadecimal

Area                               Addr   Size   Decimal Bytes (Attributes)
--------------------------------   ----   ----   ------- ----- ------------
GSINIT0                            4008   0003 =      3. bytes (REL,CON,CODE)

      Value  Global
   --------  --------------------------------
  0C:4008    __sdcc_gsinit_startup



Hexadecimal

Area                               Addr   Size   Decimal Bytes (Attributes)
--------------------------------   ----   ----   ------- ----- ------------
GSINIT3                            4015   0022 =     34. bytes (REL,CON,CODE)

      Value  Global
   --------  --------------------------------
  0C:4015    __mcs51_genXINIT

Hexadecimal

Area                               Addr   Size   Decimal Bytes (Attributes)
--------------------------------   ----   ----   ------- ----- ------------
GSINIT4                            4037   002A =     42. bytes (REL,CON,CODE)

      Value  Global
   --------  --------------------------------
  0C:4037    __mcs51_genRAMCLEAR
  0C:403D    __mcs51_genXRAMCLEAR




Hexadecimal

Area                               Addr   Size   Decimal Bytes (Attributes)
--------------------------------   ----   ----   ------- ----- ------------
CSEG                               4069   0B0C =   2828. bytes (REL,CON,CODE)

      Value  Global
   --------  --------------------------------
  0C:4069    _getchar
  0C:4072    _wczytaj
  0C:411E    _putchar
  0C:4127    _printf
  0C:4169    _init
  0C:418B    _itoa
  0C:42AF    _KR
  0C:4475    _main
  0C:4524    _realloc
  0C:46A6    __sdcc_find_memheader
  0C:46E5    _free
  0C:4720    _memcpy
  0C:4778    __gptrput
  0C:4791    _memmove
  0C:48E2    _malloc
  0C:49BB    __mulint
  0C:49BB    __mulint_dummy
  0C:49D8    __moduint
  0C:4A25    _memcmp
  0C:4AA6    __divuint
  0C:4ACF    _strlen
  0C:4AE7    __gptrget
  0C:4B03    __modsint
  0C:4B39    __divsint
  0C:4B71    __sdcc_external_startup

Hexadecimal

Area                               Addr   Size   Decimal Bytes (Attributes)
--------------------------------   ----   ----   ------- ----- ------------
CONST                              4B75   001E =     30. bytes (REL,CON,CODE)

      Value  Global
   --------  --------------------------------
  0C:4B91    __sdcc_heap_size

ASxxxx Linker V01.75 + NoICE + SDCC Feb 1999,  page 1.

Files Linked      [ module(s) ]

main2.rel       

Libraries Linked            [   object  file   ]

/usr/bin/../share/sdcc/lib/small/libsdcc.lib    [          realloc ]
/usr/bin/../share/sdcc/lib/small/libsdcc.lib    [             free ]
/usr/bin/../share/sdcc/lib/small/mcs51.lib    [     crtclear.rel ]
/usr/bin/../share/sdcc/lib/small/libsdcc.lib    [          _memcpy ]
/usr/bin/../share/sdcc/lib/small/mcs51.lib    [     crtxinit.rel ]
/usr/bin/../share/sdcc/lib/small/libsdcc.lib    [         _gptrput ]
/usr/bin/../share/sdcc/lib/small/libsdcc.lib    [         _memmove ]
/usr/bin/../share/sdcc/lib/small/libsdcc.lib    [           malloc ]
/usr/bin/../share/sdcc/lib/small/libint.lib    [          _mulint ]
/usr/bin/../share/sdcc/lib/small/libsdcc.lib    [            _heap ]
/usr/bin/../share/sdcc/lib/small/libint.lib    [         _moduint ]
/usr/bin/../share/sdcc/lib/small/libsdcc.lib    [          _memcmp ]
/usr/bin/../share/sdcc/lib/small/mcs51.lib    [    crtxclear.rel ]
/usr/bin/../share/sdcc/lib/small/libint.lib    [         _divuint ]
/usr/bin/../share/sdcc/lib/small/mcs51.lib    [   crtpagesfr.rel ]
/usr/bin/../share/sdcc/lib/small/libsdcc.lib    [          _strlen ]
/usr/bin/../share/sdcc/lib/small/mcs51.lib    [     crtstart.rel ]
/usr/bin/../share/sdcc/lib/small/libsdcc.lib    [         _gptrget ]
/usr/bin/../share/sdcc/lib/small/libint.lib    [         _modsint ]
/usr/bin/../share/sdcc/lib/small/libint.lib    [         _divsint ]
/usr/bin/../share/sdcc/lib/small/libsdcc.lib    [         _startup ]

ASxxxx Linker V01.75 + NoICE + SDCC Feb 1999,  page 2.

User Base Address Definitions

HOME = 0x4000
ISEG = 0x0000
BSEG = 0x0000

