
Hexadecimal

Area                               Addr   Size   Decimal Bytes (Attributes)
--------------------------------   ----   ----   ------- ----- ------------
CABS                               0000   0000 =      0. bytes (ABS,CON,CODE)

      Value  Global
   --------  --------------------------------
  0C:FFFFFF00    s_BSEG
  0C:0000    l_BSEG
  0C:0000    l_BSEG_BYTES
  0C:0000    l_CABS
  0C:0000    l_GSINIT1
  0C:0000    l_GSINIT5
  0C:0000    l_IABS
  0C:0000    l_ISEG
  0C:0000    l_PSEG
  0C:0000    l_REG_BANK_1
  0C:0000    l_REG_BANK_2
  0C:0000    l_REG_BANK_3
  0C:0000    l_RSEG
  0C:0000    l_XABS
  0C:0000    l_XINIT
  0C:0000    l_XISEG
  0C:0000    l__CODE
  0C:0000    s_BSEG_BYTES
  0C:0000    s_CABS
  0C:0000    s_DSEG
  0C:0000    s_IABS
  0C:0000    s_ISEG
  0C:0000    s_PSEG
  0C:0000    s_REG_BANK_0
  0C:0000    s_XABS
  0C:0000    s_XSEG
  0C:0001    l_BIT_BANK
  0C:0003    l_GSFINAL
  0C:0003    l_GSINIT0
  0C:0008    l_REG_BANK_0
  0C:0008    s_REG_BANK_1
  0C:0009    l_CONST
  0C:000A    l_GSINIT2
  0C:0010    s_REG_BANK_2
  0C:0013    l_HOME
  0C:0013    l_OSEG
  0C:0018    s_REG_BANK_3
  0C:0020    s_BIT_BANK
  0C:0020    s__CODE
  0C:0022    l_GSINIT3
  0C:002A    l_GSINIT4
  0C:0037    l_GSINIT
  0C:0054    s_OSEG
  0C:0067    s_RSEG
  0C:0067    s_SSEG
  0C:0075    l_DSEG
  0C:0099    l_SSEG
  0C:0100    l_IRAM
  0C:0400    l_XSEG
  0C:0400    s_XISEG
  0C:0BAA    l_CSEG
  0C:4000    s_HOME
  0C:4013    s_GSINIT0
  0C:4016    s_GSINIT1
  0C:4016    s_GSINIT2
  0C:4020    s_GSINIT3
  0C:4042    s_GSINIT4
  0C:406C    s_GSINIT
  0C:406C    s_GSINIT5
  0C:40A3    s_GSFINAL
  0C:40A6    s_CSEG
  0C:4C50    s_CONST
  0C:4C59    s_XINIT



Hexadecimal

Area                               Addr   Size   Decimal Bytes (Attributes)
--------------------------------   ----   ----   ------- ----- ------------
.  .ABS.                           0000   0000 =      0. bytes (ABS,CON)

      Value  Global
   --------  --------------------------------
     0080    _P0
     0080    _P0_0
     0081    _P0_1
     0081    _SP
     0082    _DPL
     0082    _P0_2
     0083    _DPH
     0083    _P0_3
     0084    _P0_4
     0085    _P0_5
     0086    _P0_6
     0087    _P0_7
     0087    _PCON
     0088    _IT0
     0088    _TCON
     0089    _IE0
     0089    _TMOD
     008A    _IT1
     008A    _TL0
     008B    _IE1
     008B    _TL1
     008C    _TH0
     008C    _TR0
     008D    _TF0
     008D    _TH1
     008E    _TR1
     008F    _TF1
     0090    _P1
     0090    _P1_0
     0091    _P1_1
     0092    _P1_2
     0093    _P1_3
     0094    _P1_4
     0095    _P1_5
     0096    _P1_6
     0097    _P1_7
     0098    _RI
     0098    _SCON
     0099    _SBUF
     0099    _TI
     009A    _RB8
     009B    _TB8
     009C    _REN
     009D    _SM2
     009E    _SM1
     009F    _SM0
     00A0    _P2
     00A0    _P2_0
     00A0    __XPAGE
     00A1    _P2_1
     00A2    _P2_2
     00A3    _P2_3
     00A4    _P2_4
     00A5    _P2_5
     00A6    _P2_6
     00A7    _P2_7
     00A8    _EX0
     00A8    _IE
     00A9    _ET0
     00AA    _EX1
     00AB    _ET1
     00AC    _ES
     00AF    _EA
     00B0    _P3
     00B0    _P3_0
     00B0    _RXD
     00B1    _P3_1
     00B1    _TXD
     00B2    _INT0
     00B2    _P3_2
     00B3    _INT1
     00B3    _P3_3
     00B4    _P3_4
     00B4    _T0
     00B5    _P3_5
     00B5    _T1
     00B6    _P3_6
     00B6    _WR
     00B7    _P3_7
     00B7    _RD
     00B8    _IP
     00B8    _PX0
     00B9    _PT0
     00BA    _PX1
     00BB    _PT1
     00BC    _PS
     00D0    _P
     00D0    _PSW
     00D1    _F1
     00D2    _OV
     00D3    _RS0
     00D4    _RS1
     00D5    _F0
     00D6    _AC
     00D7    _CY
     00E0    _ACC
     00F0    _B
     00F5    _B_5
     00F6    _B_6
     00F7    _B_7
     8000    _U15
     FFFF    _U10









Hexadecimal

Area                               Addr   Size   Decimal Bytes (Attributes)
--------------------------------   ----   ----   ------- ----- ------------
DSEG                               0000   0075 =    117. bytes (REL,CON)

      Value  Global
   --------  --------------------------------
     0008    _realloc_PARM_2
     000F    __sdcc_first_memheader
     0013    __sdcc_prev_memheader
     0021    _cyfry
     002B    _i
     002D    _done
     002F    _iter
     0031    _count
     0033    _t2
     0040    _KR_PARM_2
     0042    _KR_PARM_3
     0045    _KR_PARM_4

Hexadecimal

Area                               Addr   Size   Decimal Bytes (Attributes)
--------------------------------   ----   ----   ------- ----- ------------
OSEG                               0054   0013 =     19. bytes (REL,OVR)

      Value  Global
   --------  --------------------------------
     0054    __divsint_PARM_2
     0054    __divuint_PARM_2
     0054    __gptrput_PARM_2
     0054    __modsint_PARM_2
     0054    __moduint_PARM_2
     0054    __mulint_PARM_2
     0054    _memcmp_PARM_2
     0054    _memcpy_PARM_2
     0054    _memmove_PARM_2
     0057    _memcmp_PARM_3
     0057    _memcpy_PARM_3
     0057    _memmove_PARM_3
     0059    _memcmp_buf1_1_1
     0059    _memcpy_ret_1_1
     0059    _memmove_ret_1_1
     005C    _memcpy_s_1_1
     005C    _memmove_d_1_1
     005F    _memmove_s_1_1
     0062    _memmove_sloc0_1_0
     0064    _memmove_sloc1_1_0


Hexadecimal

Area                               Addr   Size   Decimal Bytes (Attributes)
--------------------------------   ----   ----   ------- ----- ------------
SSEG                               0067   0099 =    153. bytes (REL,OVR)

      Value  Global
   --------  --------------------------------
     0067    __start__stack



Hexadecimal

Area                               Addr   Size   Decimal Bytes (Attributes)
--------------------------------   ----   ----   ------- ----- ------------
XSEG                               0000   0400 =   1024. bytes (REL,CON,XDATA)

      Value  Global
   --------  --------------------------------
  0D:0000    __sdcc_heap


Hexadecimal

Area                               Addr   Size   Decimal Bytes (Attributes)
--------------------------------   ----   ----   ------- ----- ------------
HOME                               4000   0013 =     19. bytes (REL,CON,CODE)

      Value  Global
   --------  --------------------------------
  0C:400E    __sdcc_program_startup

Hexadecimal

Area                               Addr   Size   Decimal Bytes (Attributes)
--------------------------------   ----   ----   ------- ----- ------------
GSINIT0                            4013   0003 =      3. bytes (REL,CON,CODE)

      Value  Global
   --------  --------------------------------
  0C:4013    __sdcc_gsinit_startup



Hexadecimal

Area                               Addr   Size   Decimal Bytes (Attributes)
--------------------------------   ----   ----   ------- ----- ------------
GSINIT3                            4020   0022 =     34. bytes (REL,CON,CODE)

      Value  Global
   --------  --------------------------------
  0C:4020    __mcs51_genXINIT

Hexadecimal

Area                               Addr   Size   Decimal Bytes (Attributes)
--------------------------------   ----   ----   ------- ----- ------------
GSINIT4                            4042   002A =     42. bytes (REL,CON,CODE)

      Value  Global
   --------  --------------------------------
  0C:4042    __mcs51_genRAMCLEAR
  0C:4048    __mcs51_genXRAMCLEAR




Hexadecimal

Area                               Addr   Size   Decimal Bytes (Attributes)
--------------------------------   ----   ----   ------- ----- ------------
CSEG                               40A6   0BAA =   2986. bytes (REL,CON,CODE)

      Value  Global
   --------  --------------------------------
  0C:40A6    _getchar
  0C:40AF    _wczytaj
  0C:415B    _putchar
  0C:4164    _printf
  0C:41A6    _itoa
  0C:42CA    _init_inout
  0C:42E7    _init_led
  0C:42FC    _KR
  0C:44A6    _przerwanie1
  0C:45E5    _czekaj
  0C:4606    _main
  0C:4617    _realloc
  0C:4799    _memcpy
  0C:47F1    __gptrput
  0C:480A    _memmove
  0C:495B    _malloc
  0C:4A34    __mulint
  0C:4A34    __mulint_dummy
  0C:4A51    __moduint
  0C:4A9E    _memcmp
  0C:4B1F    __divuint
  0C:4B48    __sdcc_find_memheader
  0C:4B87    _free
  0C:4BC2    __gptrget
  0C:4BDE    __modsint
  0C:4C14    __divsint
  0C:4C4C    __sdcc_external_startup

Hexadecimal

Area                               Addr   Size   Decimal Bytes (Attributes)
--------------------------------   ----   ----   ------- ----- ------------
CONST                              4C50   0009 =      9. bytes (REL,CON,CODE)

      Value  Global
   --------  --------------------------------
  0C:4C57    __sdcc_heap_size

ASxxxx Linker V01.75 + NoICE + SDCC Feb 1999,  page 1.

Files Linked      [ module(s) ]

main.rel        

Libraries Linked            [   object  file   ]

/usr/bin/../share/sdcc/lib/small/libsdcc.lib    [          realloc ]
/usr/bin/../share/sdcc/lib/small/mcs51.lib    [     crtclear.rel ]
/usr/bin/../share/sdcc/lib/small/libsdcc.lib    [          _memcpy ]
/usr/bin/../share/sdcc/lib/small/mcs51.lib    [     crtxinit.rel ]
/usr/bin/../share/sdcc/lib/small/libsdcc.lib    [         _gptrput ]
/usr/bin/../share/sdcc/lib/small/libsdcc.lib    [         _memmove ]
/usr/bin/../share/sdcc/lib/small/libsdcc.lib    [           malloc ]
/usr/bin/../share/sdcc/lib/small/libint.lib    [          _mulint ]
/usr/bin/../share/sdcc/lib/small/libsdcc.lib    [            _heap ]
/usr/bin/../share/sdcc/lib/small/libint.lib    [         _moduint ]
/usr/bin/../share/sdcc/lib/small/libsdcc.lib    [          _memcmp ]
/usr/bin/../share/sdcc/lib/small/mcs51.lib    [    crtxclear.rel ]
/usr/bin/../share/sdcc/lib/small/libint.lib    [         _divuint ]
/usr/bin/../share/sdcc/lib/small/libsdcc.lib    [             free ]
/usr/bin/../share/sdcc/lib/small/mcs51.lib    [   crtpagesfr.rel ]
/usr/bin/../share/sdcc/lib/small/mcs51.lib    [     crtstart.rel ]
/usr/bin/../share/sdcc/lib/small/libsdcc.lib    [         _gptrget ]
/usr/bin/../share/sdcc/lib/small/libint.lib    [         _modsint ]
/usr/bin/../share/sdcc/lib/small/libint.lib    [         _divsint ]
/usr/bin/../share/sdcc/lib/small/libsdcc.lib    [         _startup ]

ASxxxx Linker V01.75 + NoICE + SDCC Feb 1999,  page 2.

User Base Address Definitions

HOME = 0x4000
ISEG = 0x0000
BSEG = 0x0000

